[0.844s] Invoking command in '/home/tarun_56/pc_ws/build/turtlebot3_description': /usr/bin/cmake /home/tarun_56/pc_ws/src/turtlebot3_description -DCATKIN_INSTALL_INTO_PREFIX_ROOT=0 -DCATKIN_SYMLINK_INSTALL=ON -DCMAKE_INSTALL_PREFIX=/home/tarun_56/pc_ws/install/turtlebot3_description
[0.892s] [31mCMake Error at CMakeLists.txt:10 (find_package):
[0.892s]   By not providing "Findcatkin.cmake" in CMAKE_MODULE_PATH this project has
[0.892s]   asked CMake to find a package configuration file provided by "catkin", but
[0.892s]   CMake did not find one.
[0.892s] 
[0.892s]   Could not find a package configuration file provided by "catkin" with any
[0.893s]   of the following names:
[0.893s] 
[0.893s]     catkinConfig.cmake
[0.893s]     catkin-config.cmake
[0.893s] 
[0.893s]   Add the installation prefix of "catkin" to CMAKE_PREFIX_PATH or set
[0.894s]   "catkin_DIR" to a directory containing one of the above files.  If "catkin"
[0.895s]   provides a separate development package or SDK, be sure it has been
[0.895s]   installed.
[0.895s] 
[0.895s] [0m
[0.895s] -- Configuring incomplete, errors occurred!
[0.896s] See also "/home/tarun_56/pc_ws/build/turtlebot3_description/CMakeFiles/CMakeOutput.log".
[0.906s] Invoked command in '/home/tarun_56/pc_ws/build/turtlebot3_description' returned '1': /usr/bin/cmake /home/tarun_56/pc_ws/src/turtlebot3_description -DCATKIN_INSTALL_INTO_PREFIX_ROOT=0 -DCATKIN_SYMLINK_INSTALL=ON -DCMAKE_INSTALL_PREFIX=/home/tarun_56/pc_ws/install/turtlebot3_description
