[1.534s] Invoking command in '/home/tarun_56/pc_ws/build/ball_tracker': PYTHONPATH=/home/tarun_56/pc_ws/build/ball_tracker/prefix_override:/home/tarun_56/pc_ws/install/ball_tracker/lib/python3.10/site-packages:${PYTHONPATH} /usr/bin/python3 -W ignore:setup.py install is deprecated setup.py develop --uninstall --editable --build-directory /home/tarun_56/pc_ws/build/ball_tracker/build
[1.881s] /home/tarun_56/.local/lib/python3.10/site-packages/setuptools/dist.py:717: UserWarning: Usage of dash-separated 'script-dir' will not be supported in future versions. Please use the underscore name 'script_dir' instead
[1.881s]   warnings.warn(
[1.934s] running develop
[2.237s] Removing /home/tarun_56/pc_ws/install/ball_tracker/lib/python3.10/site-packages/ball-tracker.egg-link (link to .)
[2.281s] Invoked command in '/home/tarun_56/pc_ws/build/ball_tracker' returned '0': PYTHONPATH=/home/tarun_56/pc_ws/build/ball_tracker/prefix_override:/home/tarun_56/pc_ws/install/ball_tracker/lib/python3.10/site-packages:${PYTHONPATH} /usr/bin/python3 -W ignore:setup.py install is deprecated setup.py develop --uninstall --editable --build-directory /home/tarun_56/pc_ws/build/ball_tracker/build
[2.283s] Invoking command in '/home/tarun_56/pc_ws/src/ball_tracker': PYTHONPATH=/home/tarun_56/pc_ws/build/ball_tracker/prefix_override:/home/tarun_56/pc_ws/install/ball_tracker/lib/python3.10/site-packages:${PYTHONPATH} /usr/bin/python3 -W ignore:setup.py install is deprecated setup.py egg_info --egg-base ../../build/ball_tracker build --build-base /home/tarun_56/pc_ws/build/ball_tracker/build install --record /home/tarun_56/pc_ws/build/ball_tracker/install.log --install-scripts $base/lib/ball_tracker --single-version-externally-managed install_data --force
[2.652s] /home/tarun_56/.local/lib/python3.10/site-packages/setuptools/dist.py:717: UserWarning: Usage of dash-separated 'script-dir' will not be supported in future versions. Please use the underscore name 'script_dir' instead
[2.652s]   warnings.warn(
[2.686s] running egg_info
[2.687s] writing ../../build/ball_tracker/ball_tracker.egg-info/PKG-INFO
[2.687s] writing dependency_links to ../../build/ball_tracker/ball_tracker.egg-info/dependency_links.txt
[2.689s] writing entry points to ../../build/ball_tracker/ball_tracker.egg-info/entry_points.txt
[2.689s] writing requirements to ../../build/ball_tracker/ball_tracker.egg-info/requires.txt
[2.689s] writing top-level names to ../../build/ball_tracker/ball_tracker.egg-info/top_level.txt
[2.691s] reading manifest file '../../build/ball_tracker/ball_tracker.egg-info/SOURCES.txt'
[2.693s] writing manifest file '../../build/ball_tracker/ball_tracker.egg-info/SOURCES.txt'
[2.693s] running build
[2.693s] running build_py
[2.693s] copying ball_tracker/stop_behind_robot.py -> /home/tarun_56/pc_ws/build/ball_tracker/build/lib/ball_tracker
[2.695s] running install
[2.695s] running install_lib
[2.696s] creating /home/tarun_56/pc_ws/install/ball_tracker/lib/python3.10/site-packages/ball_tracker
[2.696s] copying /home/tarun_56/pc_ws/build/ball_tracker/build/lib/ball_tracker/__init__.py -> /home/tarun_56/pc_ws/install/ball_tracker/lib/python3.10/site-packages/ball_tracker
[2.696s] copying /home/tarun_56/pc_ws/build/ball_tracker/build/lib/ball_tracker/stop_behind_robot.py -> /home/tarun_56/pc_ws/install/ball_tracker/lib/python3.10/site-packages/ball_tracker
[2.697s] copying /home/tarun_56/pc_ws/build/ball_tracker/build/lib/ball_tracker/follow_ball.py -> /home/tarun_56/pc_ws/install/ball_tracker/lib/python3.10/site-packages/ball_tracker
[2.697s] copying /home/tarun_56/pc_ws/build/ball_tracker/build/lib/ball_tracker/process_image.py -> /home/tarun_56/pc_ws/install/ball_tracker/lib/python3.10/site-packages/ball_tracker
[2.697s] copying /home/tarun_56/pc_ws/build/ball_tracker/build/lib/ball_tracker/detect_ball.py -> /home/tarun_56/pc_ws/install/ball_tracker/lib/python3.10/site-packages/ball_tracker
[2.697s] copying /home/tarun_56/pc_ws/build/ball_tracker/build/lib/ball_tracker/detect_ball_3d.py -> /home/tarun_56/pc_ws/install/ball_tracker/lib/python3.10/site-packages/ball_tracker
[2.699s] byte-compiling /home/tarun_56/pc_ws/install/ball_tracker/lib/python3.10/site-packages/ball_tracker/__init__.py to __init__.cpython-310.pyc
[2.699s] byte-compiling /home/tarun_56/pc_ws/install/ball_tracker/lib/python3.10/site-packages/ball_tracker/stop_behind_robot.py to stop_behind_robot.cpython-310.pyc
[2.700s] byte-compiling /home/tarun_56/pc_ws/install/ball_tracker/lib/python3.10/site-packages/ball_tracker/follow_ball.py to follow_ball.cpython-310.pyc
[2.701s] byte-compiling /home/tarun_56/pc_ws/install/ball_tracker/lib/python3.10/site-packages/ball_tracker/process_image.py to process_image.cpython-310.pyc
[2.704s] byte-compiling /home/tarun_56/pc_ws/install/ball_tracker/lib/python3.10/site-packages/ball_tracker/detect_ball.py to detect_ball.cpython-310.pyc
[2.705s] byte-compiling /home/tarun_56/pc_ws/install/ball_tracker/lib/python3.10/site-packages/ball_tracker/detect_ball_3d.py to detect_ball_3d.cpython-310.pyc
[2.705s] running install_data
[2.705s] copying resource/ball_tracker -> /home/tarun_56/pc_ws/install/ball_tracker/share/ament_index/resource_index/packages
[2.705s] copying package.xml -> /home/tarun_56/pc_ws/install/ball_tracker/share/ball_tracker
[2.706s] copying launch/example_launch_include.launch.py -> /home/tarun_56/pc_ws/install/ball_tracker/share/ball_tracker/launch
[2.706s] copying launch/ball_tracker.launch.py -> /home/tarun_56/pc_ws/install/ball_tracker/share/ball_tracker/launch
[2.706s] copying launch/detect_robot_launch.py -> /home/tarun_56/pc_ws/install/ball_tracker/share/ball_tracker/launch
[2.706s] copying config/ball_tracker_params_example.yaml -> /home/tarun_56/pc_ws/install/ball_tracker/share/ball_tracker/config
[2.710s] running install_egg_info
[2.712s] Copying ../../build/ball_tracker/ball_tracker.egg-info to /home/tarun_56/pc_ws/install/ball_tracker/lib/python3.10/site-packages/ball_tracker-0.0.0-py3.10.egg-info
[2.714s] running install_scripts
[2.739s] Installing detect_ball script to /home/tarun_56/pc_ws/install/ball_tracker/lib/ball_tracker
[2.739s] Installing detect_ball_3d script to /home/tarun_56/pc_ws/install/ball_tracker/lib/ball_tracker
[2.739s] Installing detect_robot_exe script to /home/tarun_56/pc_ws/install/ball_tracker/lib/ball_tracker
[2.739s] Installing follow_ball script to /home/tarun_56/pc_ws/install/ball_tracker/lib/ball_tracker
[2.741s] writing list of installed files to '/home/tarun_56/pc_ws/build/ball_tracker/install.log'
[2.794s] Invoked command in '/home/tarun_56/pc_ws/src/ball_tracker' returned '0': PYTHONPATH=/home/tarun_56/pc_ws/build/ball_tracker/prefix_override:/home/tarun_56/pc_ws/install/ball_tracker/lib/python3.10/site-packages:${PYTHONPATH} /usr/bin/python3 -W ignore:setup.py install is deprecated setup.py egg_info --egg-base ../../build/ball_tracker build --build-base /home/tarun_56/pc_ws/build/ball_tracker/build install --record /home/tarun_56/pc_ws/build/ball_tracker/install.log --install-scripts $base/lib/ball_tracker --single-version-externally-managed install_data --force
