[1.606s] Invoking command in '/home/tarun_56/pc_ws/build/ball_tracker': PYTHONPATH=/home/tarun_56/pc_ws/build/ball_tracker/prefix_override:/home/tarun_56/pc_ws/install/ball_tracker/lib/python3.10/site-packages:${PYTHONPATH} /usr/bin/python3 -W ignore:setup.py install is deprecated setup.py develop --editable --build-directory /home/tarun_56/pc_ws/build/ball_tracker/build --no-deps symlink_data --force
[1.909s] /home/tarun_56/.local/lib/python3.10/site-packages/setuptools/dist.py:717: UserWarning: Usage of dash-separated 'script-dir' will not be supported in future versions. Please use the underscore name 'script_dir' instead
[1.910s]   warnings.warn(
[1.987s] running develop
[2.260s] running egg_info
[2.261s] writing ball_tracker.egg-info/PKG-INFO
[2.262s] writing dependency_links to ball_tracker.egg-info/dependency_links.txt
[2.263s] writing entry points to ball_tracker.egg-info/entry_points.txt
[2.264s] writing requirements to ball_tracker.egg-info/requires.txt
[2.265s] writing top-level names to ball_tracker.egg-info/top_level.txt
[2.268s] reading manifest file 'ball_tracker.egg-info/SOURCES.txt'
[2.274s] writing manifest file 'ball_tracker.egg-info/SOURCES.txt'
[2.275s] running build_ext
[2.275s] Creating /home/tarun_56/pc_ws/install/ball_tracker/lib/python3.10/site-packages/ball-tracker.egg-link (link to .)
[2.277s] Installing detect_ball script to /home/tarun_56/pc_ws/install/ball_tracker/lib/ball_tracker
[2.280s] Installing detect_ball_3d script to /home/tarun_56/pc_ws/install/ball_tracker/lib/ball_tracker
[2.281s] Installing detect_robot_exe script to /home/tarun_56/pc_ws/install/ball_tracker/lib/ball_tracker
[2.282s] Installing follow_ball script to /home/tarun_56/pc_ws/install/ball_tracker/lib/ball_tracker
[2.287s] 
[2.287s] Installed /home/tarun_56/pc_ws/build/ball_tracker
[2.287s] running symlink_data
[2.288s] symbolically linking /home/tarun_56/pc_ws/build/ball_tracker/resource/ball_tracker -> /home/tarun_56/pc_ws/install/ball_tracker/share/ament_index/resource_index/packages
[2.288s] symbolically linking /home/tarun_56/pc_ws/build/ball_tracker/package.xml -> /home/tarun_56/pc_ws/install/ball_tracker/share/ball_tracker
[2.288s] symbolically linking /home/tarun_56/pc_ws/build/ball_tracker/launch/example_launch_include.launch.py -> /home/tarun_56/pc_ws/install/ball_tracker/share/ball_tracker/launch
[2.292s] symbolically linking /home/tarun_56/pc_ws/build/ball_tracker/launch/ball_tracker.launch.py -> /home/tarun_56/pc_ws/install/ball_tracker/share/ball_tracker/launch
[2.292s] symbolically linking /home/tarun_56/pc_ws/build/ball_tracker/launch/detect_robot_launch.py -> /home/tarun_56/pc_ws/install/ball_tracker/share/ball_tracker/launch
[2.292s] symbolically linking /home/tarun_56/pc_ws/build/ball_tracker/config/ball_tracker_params_example.yaml -> /home/tarun_56/pc_ws/install/ball_tracker/share/ball_tracker/config
[2.345s] Invoked command in '/home/tarun_56/pc_ws/build/ball_tracker' returned '0': PYTHONPATH=/home/tarun_56/pc_ws/build/ball_tracker/prefix_override:/home/tarun_56/pc_ws/install/ball_tracker/lib/python3.10/site-packages:${PYTHONPATH} /usr/bin/python3 -W ignore:setup.py install is deprecated setup.py develop --editable --build-directory /home/tarun_56/pc_ws/build/ball_tracker/build --no-deps symlink_data --force
