[0.044s] Invoking command in '/home/tarun_56/pc_ws/build/autobot': CMAKE_PREFIX_PATH=/opt/ros/humble /usr/bin/cmake --build /home/tarun_56/pc_ws/build/autobot -- -j4 -l4
[0.805s] Invoked command in '/home/tarun_56/pc_ws/build/autobot' returned '0': CMAKE_PREFIX_PATH=/opt/ros/humble /usr/bin/cmake --build /home/tarun_56/pc_ws/build/autobot -- -j4 -l4
[0.865s] Invoking command in '/home/tarun_56/pc_ws/build/autobot': CMAKE_PREFIX_PATH=/opt/ros/humble /usr/bin/cmake --install /home/tarun_56/pc_ws/build/autobot
[0.882s] -- Install configuration: ""
[0.884s] -- Execute custom install script
[0.887s] -- Up-to-date symlink: /home/tarun_56/pc_ws/install/autobot/share/autobot/config/amr1.rviz
[0.887s] -- Up-to-date symlink: /home/tarun_56/pc_ws/install/autobot/share/autobot/config/amr2.rviz
[0.888s] -- Up-to-date symlink: /home/tarun_56/pc_ws/install/autobot/share/autobot/config/amr_1_amcl_config.yaml
[0.889s] -- Up-to-date symlink: /home/tarun_56/pc_ws/install/autobot/share/autobot/config/amr_2_amcl_config.yaml
[0.889s] -- Up-to-date symlink: /home/tarun_56/pc_ws/install/autobot/share/autobot/config/ball_tracker_params_robot.yaml
[0.890s] -- Up-to-date symlink: /home/tarun_56/pc_ws/install/autobot/share/autobot/config/ball_tracker_params_sim.yaml
[0.891s] -- Up-to-date symlink: /home/tarun_56/pc_ws/install/autobot/share/autobot/config/drive_bot.rviz
[0.891s] -- Up-to-date symlink: /home/tarun_56/pc_ws/install/autobot/share/autobot/config/empty.yaml
[0.892s] -- Up-to-date symlink: /home/tarun_56/pc_ws/install/autobot/share/autobot/config/gaz_ros2_ctl_use_sim.yaml
[0.892s] -- Up-to-date symlink: /home/tarun_56/pc_ws/install/autobot/share/autobot/config/gazebo_params.yaml
[0.893s] -- Up-to-date symlink: /home/tarun_56/pc_ws/install/autobot/share/autobot/config/joystick.yaml
[0.893s] -- Up-to-date symlink: /home/tarun_56/pc_ws/install/autobot/share/autobot/config/main.rviz
[0.894s] -- Up-to-date symlink: /home/tarun_56/pc_ws/install/autobot/share/autobot/config/map.rviz
[0.895s] -- Up-to-date symlink: /home/tarun_56/pc_ws/install/autobot/share/autobot/config/map_filter_params.yaml
[0.896s] -- Up-to-date symlink: /home/tarun_56/pc_ws/install/autobot/share/autobot/config/mapper_params_amr_1.yaml
[0.896s] -- Up-to-date symlink: /home/tarun_56/pc_ws/install/autobot/share/autobot/config/mapper_params_amr_2.yaml
[0.897s] -- Up-to-date symlink: /home/tarun_56/pc_ws/install/autobot/share/autobot/config/mapper_params_online_async.yaml
[0.898s] -- Up-to-date symlink: /home/tarun_56/pc_ws/install/autobot/share/autobot/config/my_controllers.yaml
[0.898s] -- Up-to-date symlink: /home/tarun_56/pc_ws/install/autobot/share/autobot/config/nav2_params.yaml
[0.899s] -- Up-to-date symlink: /home/tarun_56/pc_ws/install/autobot/share/autobot/config/nav2_params_amr_1.yaml
[0.899s] -- Up-to-date symlink: /home/tarun_56/pc_ws/install/autobot/share/autobot/config/nav2_params_amr_2.yaml
[0.900s] -- Up-to-date symlink: /home/tarun_56/pc_ws/install/autobot/share/autobot/config/new_warehouse_save.pgm
[0.901s] -- Up-to-date symlink: /home/tarun_56/pc_ws/install/autobot/share/autobot/config/new_warehouse_save.yaml
[0.901s] -- Up-to-date symlink: /home/tarun_56/pc_ws/install/autobot/share/autobot/config/twist_mux.yaml
[0.902s] -- Up-to-date symlink: /home/tarun_56/pc_ws/install/autobot/share/autobot/config/view_bot.rviz
[0.903s] -- Up-to-date symlink: /home/tarun_56/pc_ws/install/autobot/share/autobot/config/warehouse.rviz
[0.903s] -- Up-to-date symlink: /home/tarun_56/pc_ws/install/autobot/share/autobot/description/camera.xacro
[0.904s] -- Up-to-date symlink: /home/tarun_56/pc_ws/install/autobot/share/autobot/description/depth_camera.xacro
[0.905s] -- Up-to-date symlink: /home/tarun_56/pc_ws/install/autobot/share/autobot/description/face.xacro
[0.906s] -- Up-to-date symlink: /home/tarun_56/pc_ws/install/autobot/share/autobot/description/gazebo_control.xacro
[0.907s] -- Up-to-date symlink: /home/tarun_56/pc_ws/install/autobot/share/autobot/description/inertial_macros.xacro
[0.907s] -- Up-to-date symlink: /home/tarun_56/pc_ws/install/autobot/share/autobot/description/lidar.xacro
[0.908s] -- Up-to-date symlink: /home/tarun_56/pc_ws/install/autobot/share/autobot/description/robot.urdf.xacro
[0.909s] -- Up-to-date symlink: /home/tarun_56/pc_ws/install/autobot/share/autobot/description/robot_core.xacro
[0.910s] -- Up-to-date symlink: /home/tarun_56/pc_ws/install/autobot/share/autobot/description/ros2_control.xacro
[0.911s] -- Up-to-date symlink: /home/tarun_56/pc_ws/install/autobot/share/autobot/launch/amr_1.launch.py
[0.911s] -- Up-to-date symlink: /home/tarun_56/pc_ws/install/autobot/share/autobot/launch/amr_2.launch.py
[0.911s] -- Up-to-date symlink: /home/tarun_56/pc_ws/install/autobot/share/autobot/launch/ball_tracker.launch.py
[0.912s] -- Up-to-date symlink: /home/tarun_56/pc_ws/install/autobot/share/autobot/launch/camera.launch.py
[0.912s] -- Up-to-date symlink: /home/tarun_56/pc_ws/install/autobot/share/autobot/launch/detect_robot_launch.py
[0.913s] -- Up-to-date symlink: /home/tarun_56/pc_ws/install/autobot/share/autobot/launch/joystick.launch.py
[0.913s] -- Up-to-date symlink: /home/tarun_56/pc_ws/install/autobot/share/autobot/launch/launch_robot.launch.py
[0.913s] -- Up-to-date symlink: /home/tarun_56/pc_ws/install/autobot/share/autobot/launch/launch_sim.launch.py
[0.914s] -- Up-to-date symlink: /home/tarun_56/pc_ws/install/autobot/share/autobot/launch/localization_launch.py
[0.914s] -- Up-to-date symlink: /home/tarun_56/pc_ws/install/autobot/share/autobot/launch/main_two_robots.launch.xml
[0.915s] -- Up-to-date symlink: /home/tarun_56/pc_ws/install/autobot/share/autobot/launch/map_filters_launch.py
[0.915s] -- Up-to-date symlink: /home/tarun_56/pc_ws/install/autobot/share/autobot/launch/map_server_launch.py
[0.915s] -- Up-to-date symlink: /home/tarun_56/pc_ws/install/autobot/share/autobot/launch/navigation_launch.py
[0.915s] -- Up-to-date symlink: /home/tarun_56/pc_ws/install/autobot/share/autobot/launch/navigation_launch_amr_1.py
[0.916s] -- Up-to-date symlink: /home/tarun_56/pc_ws/install/autobot/share/autobot/launch/online_async_amr_1.launch.py
[0.916s] -- Up-to-date symlink: /home/tarun_56/pc_ws/install/autobot/share/autobot/launch/online_async_launch.py
[0.916s] -- Up-to-date symlink: /home/tarun_56/pc_ws/install/autobot/share/autobot/launch/rplidar.launch.py
[0.917s] -- Up-to-date symlink: /home/tarun_56/pc_ws/install/autobot/share/autobot/launch/rsp.launch.py
[0.917s] -- Up-to-date symlink: /home/tarun_56/pc_ws/install/autobot/share/autobot/launch/single_bot_spawn.launch.xml
[0.918s] -- Up-to-date symlink: /home/tarun_56/pc_ws/install/autobot/share/autobot/launch/spawn.launch.py
[0.918s] -- Up-to-date symlink: /home/tarun_56/pc_ws/install/autobot/share/autobot/launch/start_world_standalone.launch.py
[0.918s] -- Up-to-date symlink: /home/tarun_56/pc_ws/install/autobot/share/autobot/launch/test_launch.py
[0.918s] -- Up-to-date symlink: /home/tarun_56/pc_ws/install/autobot/share/autobot/launch/two_robots_launch.py
[0.920s] -- Up-to-date symlink: /home/tarun_56/pc_ws/install/autobot/share/autobot/worlds/empty.world
[0.920s] -- Up-to-date symlink: /home/tarun_56/pc_ws/install/autobot/share/autobot/worlds/obstacles.world
[0.921s] -- Up-to-date symlink: /home/tarun_56/pc_ws/install/autobot/share/autobot/worlds/room.world/model.config
[0.922s] -- Up-to-date symlink: /home/tarun_56/pc_ws/install/autobot/share/autobot/worlds/room.world/model.sdf
[0.922s] -- Up-to-date symlink: /home/tarun_56/pc_ws/install/autobot/share/autobot/worlds/test.world
[0.922s] -- Up-to-date symlink: /home/tarun_56/pc_ws/install/autobot/share/autobot/worlds/track.world
[0.923s] -- Up-to-date symlink: /home/tarun_56/pc_ws/install/autobot/share/autobot/worlds/warehouse.world
[0.924s] -- Up-to-date symlink: /home/tarun_56/pc_ws/install/autobot/share/ament_index/resource_index/package_run_dependencies/autobot
[0.924s] -- Up-to-date symlink: /home/tarun_56/pc_ws/install/autobot/share/ament_index/resource_index/parent_prefix_path/autobot
[0.925s] -- Up-to-date symlink: /home/tarun_56/pc_ws/install/autobot/share/autobot/environment/ament_prefix_path.sh
[0.926s] -- Up-to-date symlink: /home/tarun_56/pc_ws/install/autobot/share/autobot/environment/ament_prefix_path.dsv
[0.927s] -- Up-to-date symlink: /home/tarun_56/pc_ws/install/autobot/share/autobot/environment/path.sh
[0.928s] -- Up-to-date symlink: /home/tarun_56/pc_ws/install/autobot/share/autobot/environment/path.dsv
[0.929s] -- Up-to-date symlink: /home/tarun_56/pc_ws/install/autobot/share/autobot/local_setup.bash
[0.930s] -- Up-to-date symlink: /home/tarun_56/pc_ws/install/autobot/share/autobot/local_setup.sh
[0.930s] -- Up-to-date symlink: /home/tarun_56/pc_ws/install/autobot/share/autobot/local_setup.zsh
[0.931s] -- Up-to-date symlink: /home/tarun_56/pc_ws/install/autobot/share/autobot/local_setup.dsv
[0.932s] -- Symlinking: /home/tarun_56/pc_ws/install/autobot/share/autobot/package.dsv
[0.949s] -- Up-to-date symlink: /home/tarun_56/pc_ws/install/autobot/share/ament_index/resource_index/packages/autobot
[0.950s] -- Up-to-date symlink: /home/tarun_56/pc_ws/install/autobot/share/autobot/cmake/autobotConfig.cmake
[0.952s] -- Up-to-date symlink: /home/tarun_56/pc_ws/install/autobot/share/autobot/cmake/autobotConfig-version.cmake
[0.953s] -- Up-to-date symlink: /home/tarun_56/pc_ws/install/autobot/share/autobot/package.xml
[0.957s] Invoked command in '/home/tarun_56/pc_ws/build/autobot' returned '0': CMAKE_PREFIX_PATH=/opt/ros/humble /usr/bin/cmake --install /home/tarun_56/pc_ws/build/autobot
